BL51 BANKED LINKER/LOCATER V6.05                                                        11/28/2014  14:32:23  PAGE 1


BL51 BANKED LINKER/LOCATER V6.05, INVOKED BY:
C:\KEIL\C51\BIN\BL51.EXE ÖÐ¶Ï.obj TO ÖÐ¶Ï RAMSIZE (256)


MEMORY MODEL: SMALL


INPUT MODULES INCLUDED:
  ÖÐ¶Ï.obj (_Ð¶Ï)
  C:\KEIL\C51\LIB\C51S.LIB (?C_STARTUP)


LINK MAP OF MODULE:  ÖÐ¶Ï (_Ð¶Ï)


            TYPE    BASE      LENGTH    RELOCATION   SEGMENT NAME
            -----------------------------------------------------

            * * * * * * *   D A T A   M E M O R Y   * * * * * * *
            REG     0000H     0008H     ABSOLUTE     "REG BANK 0"
            IDATA   0008H     0001H     UNIT         ?STACK

            * * * * * * *   C O D E   M E M O R Y   * * * * * * *
            CODE    0000H     0003H     ABSOLUTE     
            CODE    0003H     0003H     ABSOLUTE     
            CODE    0006H     000CH     UNIT         ?C_C51STARTUP
            CODE    0012H     000BH     UNIT         ?PR?MAIN?_Ð¶Ï
            CODE    001DH     0004H     UNIT         ?PR?KEY_INT?_Ð¶Ï



OVERLAY MAP OF MODULE:   ÖÐ¶Ï (_Ð¶Ï)


SEGMENT
  +--> CALLED SEGMENT
---------------------
?C_C51STARTUP
  +--> ?PR?MAIN?_Ð¶Ï



SYMBOL TABLE OF MODULE:  ÖÐ¶Ï (_Ð¶Ï)

  VALUE           TYPE          NAME
  ----------------------------------

  -------         MODULE        _Ð¶Ï
  C:0000H         SYMBOL        _ICE_DUMMY_
  D:0090H         PUBLIC        P1
  D:00B0H         PUBLIC        P3
  B:00A8H.7       PUBLIC        EA
  D:00A8H         PUBLIC        IE
  D:00B8H         PUBLIC        IP
  C:0012H         PUBLIC        main
  D:0098H         PUBLIC        SCON
  D:0088H         PUBLIC        TCON
  B:00A8H.0       PUBLIC        EX0
BL51 BANKED LINKER/LOCATER V6.05                                                      11/28/2014  14:32:23  PAGE 2


  B:0088H.0       PUBLIC        IT0
  D:00C8H         PUBLIC        T2CON
  C:001DH         PUBLIC        Key_INT
  D:00D0H         PUBLIC        PSW
  -------         PROC          MAIN
  C:0012H         LINE#         25
  C:0012H         LINE#         26
  C:0012H         LINE#         27
  C:0015H         LINE#         28
  C:0017H         LINE#         29
  C:0019H         LINE#         30
  C:001BH         LINE#         31
  C:001BH         LINE#         32
  C:001BH         LINE#         34
  -------         ENDPROC       MAIN
  -------         PROC          KEY_INT
  C:001DH         LINE#         39
  C:001DH         LINE#         41
  C:0020H         LINE#         42
  -------         ENDPROC       KEY_INT
  -------         ENDMOD        _Ð¶Ï

Program Size: data=9.0 xdata=0 code=33
LINK/LOCATE RUN COMPLETE.  0 WARNING(S),  0 ERROR(S)
